
> cosmetics-client@0.1.0 start
> DANGEROUSLY_DISABLE_HOST_CHECK=true react-scripts start

Attempting to bind to HOST environment variable: 0.0.0.0
If this was unintentional, check that you haven't mistakenly set it in your shell.
Learn more here: https://cra.link/advanced-config

(node:9589) [DEP_WEBPACK_DEV_SERVER_ON_AFTER_SETUP_MIDDLEWARE] DeprecationWarning: 'onAfterSetupMiddleware' option is deprecated. Please use the 'setupMiddlewares' option.
(Use `node --trace-deprecation ...` to show where the warning was created)
(node:9589) [DEP_WEBPACK_DEV_SERVER_ON_BEFORE_SETUP_MIDDLEWARE] DeprecationWarning: 'onBeforeSetupMiddleware' option is deprecated. Please use the 'setupMiddlewares' option.
Starting the development server...

Compiled with warnings.

[eslint] 
src/components/Checkout.js
  Line 241:31:  'clearCart' is assigned a value but never used  no-unused-vars

src/components/Orders.js
  Line 228:11:  'state' is assigned a value but never used  no-unused-vars

src/components/ProductCatalog.js
  Line 4:20:  'FiFilter' is defined but never used  no-unused-vars

Search for the keywords to learn more about each warning.
To ignore, add // eslint-disable-next-line to the line before.

WARNING in [eslint] 
src/components/Checkout.js
  Line 241:31:  'clearCart' is assigned a value but never used  no-unused-vars

src/components/Orders.js
  Line 228:11:  'state' is assigned a value but never used  no-unused-vars

src/components/ProductCatalog.js
  Line 4:20:  'FiFilter' is defined but never used  no-unused-vars

webpack compiled with 1 warning
